node:internal/modules/run_main:107
    triggerUncaughtException(
    ^

AssertionError [ERR_ASSERTION]: The periodic-table menu must use the concise Korean title and English translation.
    at file:///E:/webprojects/class/game-hub-server/index-menu-copy.test.mjs:17:8
    at ModuleJob.run (node:internal/modules/esm/module_job:439:25)
    at async node:internal/modules/esm/loader:643:26
    at async asyncRunEntryPointWithESMLoader (node:internal/modules/run_main:101:5) {
  generatedMessage: false,
  code: 'ERR_ASSERTION',
  actual: '<!DOCTYPE html>\n' +
    '<html lang="ko">\n' +
    '<head>\n' +
    '    <meta charset="UTF-8">\n' +
    '    <meta name="viewport" content="width=device-width, initial-scale=1.0">\n' +
    '    <title>ClassJ</title>\n' +
    '    <link rel="icon" href="favicon.ico">\n' +
    '    <meta name="description" content="기초학력 eBook, 교육행정 업무 지원">\n' +
    '    <meta property="og:title" content="ClassJ">\n' +
    '    <meta property="og:site_name" content="ClassJ">\n' +
    '    <meta property="og:description" content="기초학력 eBook, 교육행정 업무 지원">\n' +
    '    <meta property="og:url" content="https://classj.kr/">\n' +
    '    <meta property="og:type" content="website">\n' +
    '    <link rel="canonical" href="https://classj.kr/">\n' +
    '    <script type="application/ld+json">\n' +
    '        {\n' +
    '            "@context": "https://schema.org",\n' +
    '            "@type": "WebSite",\n' +
    '            "name": "ClassJ",\n' +
    '            "alternateName": "클래스제이",\n' +
    '            "url": "https://classj.kr/"\n' +
    '        }\n' +
    '    </script>\n' +
    '    <script type="application/ld+json">\n' +
    '        {\n' +
    '            "@context": "https://schema.org",\n' +
    '            "@type": "Organization",\n' +
    '            "name": "ClassJ",\n' +
    '            "alternateName": "클래스제이",\n' +
    '            "url": "https://classj.kr/"\n' +
    '        }\n' +
    '    </script>\n' +
    '    <style>\n' +
    '        :root {\n' +
    '            --bg: #2b1d1d;\n' +
    "            --index-background-image: url('assets/images/indexbg.jpg');\n" +
    '            --panel: #3a210f;\n' +
    '            --panel-dark: #261204;\n' +
    '            --panel-darker: #1c0d04;\n' +
    '            --panel-dark-rgb: 38, 18, 4;\n' +
    '            --panel-darker-rgb: 28, 13, 4;\n' +
    '            --gold: #d7b47a;\n' +
    '            --gold-dark: #7d4a16;\n' +
    '            --gold-mid: #b8721f;\n' +
    '            --gold-bright: #ffb54a;\n' +
    '        }\n' +
    '\n' +
    '        * { box-sizing: border-box; }\n' +
    '\n' +
    '        html {\n' +
    '            background: var(--panel-dark);\n' +
    '        }\n' +
    '\n' +
    '        body {\n' +
    '            margin: 0;\n' +
    '            min-height: 100vh;\n' +
    '            position: relative;\n' +
    '            isolation: isolate;\n' +
    '            background: transparent;\n' +
    '            color: #ffffff;\n' +
    '            text-align: center;\n' +
    '            padding: 18px;\n' +
    '            font-family: Georgia, "Times New Roman", serif;\n' +
    '        }\n' +
    '\n' +
    '        body::before {\n' +
    '            content: "";\n' +
    '            position: fixed;\n' +
    '            inset: 0;\n' +
    '            z-index: -1;\n' +
    '            background: var(--panel-dark) var(--index-background-image) center / cover no-repeat;\n' +
    '            pointer-events: none;\n' +
    '            transition: filter 0.3s ease, -webkit-filter 0.3s ease;\n' +
    '        }\n' +
    '\n' +
    '        body.content-access-editing::before,\n' +
    '        body.global-content-access-editing::before {\n' +
    '            filter: brightness(0.2) blur(8px);\n' +
    '            -webkit-filter: brightness(0.2) blur(8px);\n' +
    '        }\n' +
    '\n' +
    '        .music-control {\n' +
    '            display: inline-flex;\n' +
    '            align-items: center;\n' +
    '            gap: 10px;\n' +
    '            margin-bottom: 28px;\n' +
    '            padding: 4px 6px;\n' +
    '            color: var(--gold);\n' +
    '            font-weight: 700;\n' +
    '            letter-spacing: 0.5px;\n' +
    '            user-select: none;\n' +
    '        }\n' +
    '\n' +
    '        .music-label {\n' +
    '            white-space: nowrap;\n' +
    '            font-size: 16px;\n' +
    '        }\n' +
    '\n' +
    '        .volume-box {\n' +
    '            display: flex;\n' +
    '            gap: 3px;\n' +
    '            padding: 4px 5px;\n' +
    '            border: 2px solid var(--gold-dark);\n' +
    '            outline: 2px solid var(--panel-dark);\n' +
    '            background: var(--panel-darker);\n' +
    '            box-shadow: inset 0 0 0 1px rgba(var(--panel-darker-rgb), 0.9);\n' +
    '        }\n' +
    '\n' +
    '        .volume-step {\n' +
    '            width: 22px;\n' +
    '            height: 21px;\n' +
    '            padding: 0;\n' +
    '            border: 1px solid var(--gold-mid);\n' +
    '            background: var(--gold-dark);\n' +
    '            box-shadow: inset 0 0 0 1px rgba(var(--panel-dark-rgb), 0.9);\n' +
    '            cursor: pointer;\n' +
    '        }\n' +
    '\n' +
    '        .volume-step.active {\n' +
    '            background: linear-gradient(135deg, var(--gold-mid), var(--gold-bright));\n' +
    '            border-color: #ffd18a;\n' +
    '            box-shadow: inset 0 0 0 1px #9f5918;\n' +
    '        }\n' +
    '\n' +
    '        .volume-step:hover,\n' +
    '        .volume-step:focus-visible {\n' +
    '            filter: brightness(1.2);\n' +
    '        }\n' +
    '\n' +
    '        h1 { margin-top: 0; }\n' +
    '\n' +
    '        .top-nav-bar {\n' +
    '            position: fixed;\n' +
    '            top: 12px;\n' +
    '            left: 14px;\n' +
    '            z-index: 99999;\n' +
    '            display: flex;\n' +
    '            align-items: center;\n' +
    '            gap: 10px;\n' +
    '            flex-wrap: wrap;\n' +
    '            max-width: calc(100vw - 280px);\n' +
    '        }\n' +
    '\n' +
    '        .class-tools-link {\n' +
    '            display: inline-flex;\n' +
    '            align-items: center;\n' +
    '            justify-content: center;\n' +
    '            gap: 6px;\n' +
    '            padding: 8px 16px;\n' +
    '            border: 2px solid #ffd18a;\n' +
    '            outline: 2px solid #261204;\n' +
    '            border-radius: 6px;\n' +
    '            background: linear-gradient(180deg, var(--panel), var(--panel-dark));\n' +
    '            color: #ffffff;\n' +
    '            font-family: Pretendard, "Noto Sans KR", sans-serif;\n' +
    '            font-size: 13px;\n' +
    '            font-weight: 800;\n' +
    '            letter-spacing: 0.03em;\n' +
    '            text-decoration: none;\n' +
    '            box-shadow: 0 4px 14px rgba(0, 0, 0, 0.7), inset 0 1px 0 rgba(255, 235, 180, 0.25);\n' +
    '            transition: all 0.2s ease-in-out;\n' +
    '            white-space: nowrap;\n' +
    '            min-height: 44px;\n' +
    '        }\n' +
    '\n' +
    '        .class-tools-link:hover,\n' +
    '        .class-tools-link:focus-visible {\n' +
    '            background: linear-gradient(180deg, var(--gold-mid), var(--gold-dark));\n' +
    '            border-color: #ffffff;\n' +
    '            color: #ffffff;\n' +
    '            transform: translateY(-2px);\n' +
    '            box-shadow: 0 6px 18px rgba(0, 0, 0, 0.85), inset 0 1px 0 rgba(255, 255, 255, 0.4);\n' +
    '            outline: none;\n' +
    '        }\n' +
    '\n' +
    '        .hub-section {\n' +
    '            width: min(760px, 100%);\n' +
    '            margin: 0 auto 38px;\n' +
    '        }\n' +
    '\n' +
    '        .worksheet-section {\n' +
    '            width: min(1180px, 100%);\n' +
    '        }\n' +
    '\n' +
    '        .hub-title-row {\n' +
    '            position: relative;\n' +
    '            width: min(1180px, 100%);\n' +
    '            margin: 0 auto 16px;\n' +
    '        }\n' +
    '\n' +
    '        .learning-hub-title {\n' +
    '            display: flex;\n' +
    '            align-items: center;\n' +
    '            justify-content: center;\n' +
    '            gap: 14px;\n' +
    '            width: 100%;\n' +
    '            margin: 0;\n' +
    '            color: #fff8e8;\n' +
    '            font-family: Pretendard, Noto Sans KR, Apple SD Gothic Neo, Malgun Gothic, sans-serif;\n' +
    '            font-size: clamp(0.82rem, 1.05vw, 0.92rem);\n' +
    '            font-weight: 500;\n' +
    '            letter-spacing: 0.045em;\n' +
    '            line-height: 1.25;\n' +
    '            text-shadow: 0 1px 6px rgba(0, 0, 0, 0.68);\n' +
    '        }\n' +
    '\n' +
    '        .learning-hub-title::before,\n' +
    '        .learning-hub-title::after {\n' +
    '            width: min(120px, 18vw);\n' +
    '            height: 1px;\n' +
    "            content: '';\n" +
    '            background: linear-gradient(90deg, transparent, rgba(255, 226, 155, 0.78));\n' +
    '        }\n' +
    '\n' +
    '        .learning-hub-title::after {\n' +
    '            transform: scaleX(-1);\n' +
    '        }\n' +
    '\n' +
    '        .category-section {\n' +
    '            position: relative;\n' +
    '            width: min(1180px, 100%);\n' +
    '            margin: 0 auto 10px;\n' +
    '            border: 1px solid rgba(255, 226, 155, 0.24);\n' +
    '            border-radius: 13px;\n' +
    '            background: transparent;\n' +
    '            box-shadow: 0 7px 22px rgba(0, 0, 0, 0.28);\n' +
    '            overflow: visible;\n' +
    '            transition: border-color 0.2s ease, box-shadow 0.2s ease, transform 0.2s ease;\n' +
    '        }\n' +
    '\n' +
    '        .category-section.is-expanded {\n' +
    '            z-index: 30;\n' +
    '            border-color: rgba(255, 226, 155, 0.62);\n' +
    '            box-shadow: 0 12px 32px rgba(0, 0, 0, 0.42);\n' +
    '        }\n' +
    '\n' +
    '        .category-heading {\n' +
    '            margin: 0;\n' +
    '        }\n' +
    '\n' +
    '        .category-toggle {\n' +
    '            display: grid;\n' +
    '            grid-template-columns: 44px 1fr 44px;\n' +
    '            align-items: center;\n' +
    '            width: 100%;\n' +
    '            min-height: 62px;\n' +
    '            padding: 8px 14px;\n' +
    '            border: 0;\n' +
    '            border-radius: 12px;\n' +
    '            background: linear-gradient(90deg, rgba(var(--panel-dark-rgb), 0.98) 0%, rgba(var(--panel-dark-rgb), 0.92) 25%, rgba(var(--panel-darker-rgb), 0.48) 55%, rgba(var(--panel-darker-rgb), 0.16) 100%);\n' +
    '            color: #fff8e8;\n' +
    '            font-family: Pretendard, Noto Sans KR, Apple SD Gothic Neo, Malgun Gothic, sans-serif;\n' +
    '            cursor: pointer;\n' +
    '            touch-action: manipulation;\n' +
    '            transition: background 0.2s ease, color 0.2s ease;\n' +
    '        }\n' +
    '\n' +
    '        .category-toggle:hover,\n' +
    '        .category-toggle:focus-visible {\n' +
    '            background: linear-gradient(135deg, rgba(var(--panel-dark-rgb), 1), var(--gold-dark));\n' +
    '            outline: none;\n' +
    '        }\n' +
    '\n' +
    '        .category-toggle:focus-visible {\n' +
    '            box-shadow: inset 0 0 0 3px rgba(255, 237, 190, 0.88);\n' +
    '        }\n' +
    '\n' +
    '        .category-section.is-expanded .category-toggle {\n' +
    '            border-radius: 12px 12px 0 0;\n' +
    '            background: linear-gradient(135deg, var(--gold-dark), var(--panel));\n' +
    '        }\n' +
    '\n' +
    '        .category-number {\n' +
    '            display: grid;\n' +
    '            place-items: center;\n' +
    '            width: 34px;\n' +
    '            height: 34px;\n' +
    '            border: 1px solid rgba(255, 230, 170, 0.55);\n' +
    '            border-radius: 50%;\n' +
    '            color: #ffe6ad;\n' +
    '            font-size: 0.7rem;\n' +
    '            font-weight: 700;\n' +
    '            letter-spacing: 0.025em;\n' +
    '            background: rgba(0, 0, 0, 0.2);\n' +
    '        }\n' +
    '\n' +
    '        .category-label {\n' +
    '            padding-left: 3px;\n' +
    '            text-align: left;\n' +
    '            font-size: 0.95rem;\n' +
    '            font-weight: 600;\n' +
    '            letter-spacing: 0.015em;\n' +
    '            line-height: 1.4;\n' +
    '        }\n' +
    '\n' +
    '        .category-chevron {\n' +
    '            position: relative;\n' +
    '            width: 32px;\n' +
    '            height: 32px;\n' +
    '            justify-self: end;\n' +
    '            border: 1px solid rgba(255, 230, 170, 0.36);\n' +
    '            border-radius: 50%;\n' +
    '            background: rgba(var(--panel-darker-rgb), 0.74);\n' +
    '        }\n' +
    '\n' +
    '        .category-chevron::before,\n' +
    '        .category-chevron::after {\n' +
    '            position: absolute;\n' +
    '            top: 15px;\n' +
    '            width: 9px;\n' +
    '            height: 2px;\n' +
    '            border-radius: 2px;\n' +
    "            content: '';\n" +
    '            background: #ffe6ad;\n' +
    '            transition: transform 0.22s ease;\n' +
    '        }\n' +
    '\n' +
    '        .category-chevron::before {\n' +
    '            left: 8px;\n' +
    '            transform: rotat'... 145181 more characters,
  expected: /href="learning\/inquiry\/periodic-table\/"[\s\S]*?<strong>주기율표<\/strong><small>\(Periodic Table\)<\/small>/,
  operator: 'match',
  diff: 'simple'
}

Node.js v24.18.0
✖ game-hub-server\index-menu-copy.test.mjs (40.3802ms)
✔ only a registered teacher opens a room, and only the homeroom conditions survive (45.8482ms)
✔ students see themselves in the room only when they belong to the class (95.2307ms)
✔ picks obey the conditions, go to the first student, and cannot be changed (211.6473ms)
✔ closing freezes the room; a new room for the class closes the old one; cancel deletes (90.9739ms)
✖ site pages receive one shared icon-only back control (2.4244ms)
✖ back control climbs from an active game to its lobby first (0.6138ms)
✔ sound controls collapse into a top-right speaker with vertical sliders (0.7822ms)
✔ space activities no longer link to the retired space hub (1.9631ms)
✔ the home room-number entrance routes both class race and vote rooms (0.4891ms)
✔ voting is mounted, initialized, and served behind site access (0.1587ms)
✔ ballots require student membership and enforce one vote per position (0.0979ms)
✔ results preserve candidate-number order and show only rank and vote totals (0.1573ms)
ℹ tests 13
ℹ suites 0
ℹ pass 10
ℹ fail 3
ℹ cancelled 0
ℹ skipped 0
ℹ todo 0
ℹ duration_ms 587.225

✖ failing tests:

test at game-hub-server\index-menu-copy.test.mjs:1:1
✖ game-hub-server\index-menu-copy.test.mjs (40.3802ms)
  'test failed'

test at game-hub-server\site-back-navigation-contract.test.mjs:10:1
✖ site pages receive one shared icon-only back control (2.4244ms)
  AssertionError [ERR_ASSERTION]: The input did not match the regular expression /game-sfx\.js\?v=20260910-music-controls-1/. Input:
  
  'const express = require("express");\n' +
    'const http = require("http");\n' +
    'const path = require("path");\n' +
    'const fs = require("fs");\n' +
    'const crypto = require("crypto");\n' +
    'const { spawn } = require("child_process");\n' +
    'const { WebSocketServer, WebSocket } = require("ws");\n' +
    'const LoveLetter = require("./loveletter");\n' +
    'const LastCard = require("./lastcard");\n' +
    'const Bomb77 = require("./bomb77");\n' +
    'const Rummikub = require("./rummikub");\n' +
    'const GemGuild = require("./gemguild");\n' +
    'const BeanTrading = require("./beantrading");\n' +
    'const CityChase = require("./citychase");\n' +
    'const KingdomTrails = require("./kingdomtrails");\n' +
    'const Blokus = require("./blokus");\n' +
    'const Chess = require("./chess");\n' +
    'const Honeycomb = require("./honeycomb");\n' +
    'const DrawRelay = require("./drawrelay");\n' +
    'const Expedition = require("./expedition");\n' +
    'const Clue = require("./clue");\n' +
    'const Codenames = require("./codenames");\n' +
    'const Dobble = require("./dobble");\n' +
    'const Quizrace = require("./quizrace");\n' +
    'const { createClassroomPlatform } = require("./classroom-platform");\n' +
    'const { redirectLegacyHosts } = require("./canonical-host");\n' +
    'const { createKmaWeather } = require("./kma-weather");\n' +
    'const {\n' +
    '  clientMatchesToken,\n' +
    '  restoreRoom,\n' +
    '  snapshotRoom\n' +
    '} = require("./room-snapshots");\n' +
    '\n' +
    'const app = express();\n' +
    'app.disable("x-powered-by");\n' +
    'app.set("trust proxy", 1);\n' +
    'const server = http.createServer(app);\n' +
    'const wss = new WebSocketServer({ server });\n' +
    'const rooms = new Map();\n' +
    'const classroomPlatform = createClassroomPlatform({\n' +
    '  databaseUrl: process.env.DATABASE_URL,\n' +
    '  googleClientId: process.env.GOOGLE_CLIENT_ID,\n' +
    '  teacherEmails: process.env.TEACHER_EMAILS,\n' +
    '  adminEmails: process.env.ADMIN_EMAILS,\n' +
    '  nodeEnv: process.env.NODE_ENV,\n' +
    '  isLiveQuizRaceCode: (code) => rooms.has(`quizrace:${code}`)\n' +
    '});\n' +
    'const kmaWeather = createKmaWeather({ serviceKey: process.env.KMA_API_KEY });\n' +
    '\n' +
    'const PORT = Number(process.env.PORT) || 10000;\n' +
    'const ARITHMETIC_PORT = Number(process.env.ARITHMETIC_PORT) || 10001;\n' +
    'const WORLD_VOYAGE_PORT = Number(process.env.WORLD_VOYAGE_PORT) || 10003;\n' +
    'const ROOM_RECONNECT_GRACE_MS = Math.max(30000, Number(process.env.ROOM_RECONNECT_GRACE_MS) || 120000);\n' +
    'const ROOM_SNAPSHOT_TTL_SECONDS = Math.max(900, Number(process.env.ROOM_SNAPSHOT_TTL_SECONDS) || 10800);\n' +
    'const ROOM_SNAPSHOT_INTERVAL_MS = 2000;\n' +
    'const SITE_ROOT = path.resolve(__dirname, "..");\n' +
    'const WORLD_VOYAGE_PREFIX = "/learn/world-voyage";\n' +
    'const MUTATING_METHODS = new Set(["POST", "PUT", "PATCH", "DELETE"]);\n' +
    '\n' +
    'function isSameRequestOrigin(req, origin) {\n' +
    '  if (!origin) return true;\n' +
    '  try {\n' +
    '    return new URL(origin).origin === `${req.protocol}://${req.get("host")}`;\n' +
    '  } catch (_) {\n' +
    '    return false;\n' +
    '  }\n' +
    '}\n' +
    '\n' +
    'app.use(redirectLegacyHosts);\n' +
    '\n' +
    'app.use((req, res, next) => {\n' +
    `  res.setHeader("Content-Security-Policy", "base-uri 'self'; object-src 'none'; frame-ancestors 'self'");\n` +
    '  res.setHeader("X-Content-Type-Options", "nosniff");\n' +
    '  res.setHeader("X-Frame-Options", "SAMEORIGIN");\n' +
    '  res.setHeader("Referrer-Policy", "strict-origin-when-cross-origin");\n' +
    '  res.setHeader("Permissions-Policy", "camera=(self), microphone=(self), geolocation=()");\n' +
    '  res.setHeader("X-Permitted-Cross-Domain-Policies", "none");\n' +
    '  if (process.env.NODE_ENV === "production") {\n' +
    '    res.setHeader("Strict-Transport-Security", "max-age=31536000; includeSubDomains");\n' +
    '  }\n' +
    '\n' +
    '  const origin = String(req.get("origin") || "").trim();\n' +
    '  const sameOrigin = isSameRequestOrigin(req, origin);\n' +
    '  const isApiRequest = req.path === "/api" || req.path.startsWith("/api/");\n' +
    '  const fetchSite = String(req.get("sec-fetch-site") || "").toLowerCase();\n' +
    '\n' +
    '  if (isApiRequest && origin && !sameOrigin) {\n' +
    '    return res.status(403).json({ error: "CROSS_ORIGIN_REQUEST_BLOCKED", message: "허용되지 않은 요청 출처입니다." });\n' +
    '  }\n' +
    '  if (isApiRequest && MUTATING_METHODS.has(req.method) && fetchSite === "cross-site") {\n' +
    '    return res.status(403).json({ error: "CROSS_SITE_REQUEST_BLOCKED", message: "허용되지 않은 요청 출처입니다." });\n' +
    '  }\n' +
    '  if (origin && sameOrigin) {\n' +
    '    res.setHeader("Access-Control-Allow-Origin", origin);\n' +
    '    res.vary("Origin");\n' +
    '  }\n' +
    '  if (req.method === "OPTIONS") {\n' +
    '    if (origin && !sameOrigin) return res.sendStatus(403);\n' +
    '    res.setHeader("Access-Control-Allow-Methods", "GET,POST,PUT,PATCH,DELETE,OPTIONS");\n' +
    '    res.setHeader("Access-Control-Allow-Headers", "Content-Type");\n' +
    '    return res.sendStatus(204);\n' +
    '  }\n' +
    '  next();\n' +
    '});\n' +
    '\n' +
    'function startLearningApp(relativeDirectory, port, label) {\n' +
    '  const appDirectory = path.join(SITE_ROOT, relativeDirectory);\n' +
    '  const cliPath = path.join(appDirectory, "node_modules", "vinext", "dist", "cli.js");\n' +
    '  const child = spawn(\n' +
    '    process.execPath,\n' +
    '    [cliPath, "start", "--hostname", "127.0.0.1", "--port", String(port)],\n' +
    '    {\n' +
    '      cwd: appDirectory,\n' +
    '      env: { ...process.env, PORT: String(port) },\n' +
    '      stdio: ["ignore", "inherit", "inherit"],\n' +
    '    },\n' +
    '  );\n' +
    '\n' +
    '  child.on("exit", (code, signal) => {\n' +
    '    console.error(`${label} stopped (code=${code}, signal=${signal})`);\n' +
    '  });\n' +
    '  return child;\n' +
    '}\n' +
    '\n' +
    'function startNodeLearningApp(relativeDirectory, port, label) {\n' +
    '  const appDirectory = path.join(SITE_ROOT, relativeDirectory);\n' +
    '  const child = spawn(\n' +
    '    process.execPath,\n' +
    '    ["server.js"],\n' +
    '    {\n' +
    '      cwd: appDirectory,\n' +
    '      env: { ...process.env, PORT: String(port) },\n' +
    '      stdio: ["ignore", "inherit", "inherit"],\n' +
    '    },\n' +
    '  );\n' +
    '\n' +
    '  child.on("exit", (code, signal) => {\n' +
    '    console.error(`${label} stopped (code=${code}, signal=${signal})`);\n' +
    '  });\n' +
    '  return child;\n' +
    '}\n' +
    '\n' +
    'function proxyToLearningApp(port, options = {}) {\n' +
    '  return (req, res) => {\n' +
    '    const headers = { ...req.headers, host: `127.0.0.1:${port}` };\n' +
    '    const proxyPath = options.stripPrefix && req.originalUrl.startsWith(options.stripPrefix)\n' +
    '      ? req.originalUrl.slice(options.stripPrefix.length) || "/"\n' +
    '      : req.originalUrl;\n' +
    '    const proxyRequest = http.request(\n' +
    '      {\n' +
    '        hostname: "127.0.0.1",\n' +
    '        port,\n' +
    '        path: options.rewritePath ? options.rewritePath(proxyPath) : proxyPath,\n' +
    '        method: req.method,\n' +
    '        headers,\n' +
    '      },\n' +
    '      (proxyResponse) => {\n' +
    '        res.writeHead(proxyResponse.statusCode || 502, proxyResponse.headers);\n' +
    '        proxyResponse.pipe(res);\n' +
    '      },\n' +
    '    );\n' +
    '\n' +
    '    proxyRequest.on("error", () => {\n' +
    '      if (!res.headersSent) {\n' +
    '        res.status(503).send("학습 앱을 준비하고 있습니다. 잠시 후 다시 시도해 주세요.");\n' +
    '      } else {\n' +
    '        res.end();\n' +
    '      }\n' +
    '    });\n' +
    '    req.pipe(proxyRequest);\n' +
    '  };\n' +
    '}\n' +
    '\n' +
    'const arithmeticApp = startLearningApp(\n' +
    '  "learning/literacy-numeracy/arithmetics",\n' +
    '  ARITHMETIC_PORT,\n' +
    '  "Arithmetic app",\n' +
    ');\n' +
    'const worldVoyageApp = startNodeLearningApp(\n' +
    '  "learning/inquiry/age-of-exploration",\n' +
    '  WORLD_VOYAGE_PORT,\n' +
    '  "World Voyage app",\n' +
    ');\n' +
    '\n' +
    'const stopLearningApps = () => {\n' +
    '  arithmeticApp.kill();\n' +
    '  worldVoyageApp.kill();\n' +
    '};\n' +
    'let shutdownStarted = false;\n' +
    'async function shutdownServer(signal) {\n' +
    '  if (shutdownStarted) return;\n' +
    '  shutdownStarted = true;\n' +
    '  console.log(`Received ${signal}; saving multiplayer rooms before shutdown.`);\n' +
    '  const forcedExit = setTimeout(() => process.exit(0), 8000);\n' +
    '  try {\n' +
    '    await persistAllRoomSnapshots();\n' +
    '  } finally {\n' +
    '    stopLearningApps();\n' +
    '    for (const client of wss.clients) {\n' +
    '      try { client.close(1012, "SERVER_RESTART"); } catch (_) {}\n' +
    '    }\n' +
    '    wss.close();\n' +
    '    server.close(() => {\n' +
    '      clearTimeout(forcedExit);\n' +
    '      process.exit(0);\n' +
    '    });\n' +
    '  }\n' +
    '}\n' +
    'process.once("SIGTERM", () => { void shutdownServer("SIGTERM"); });\n' +
    'process.once("SIGINT", () => { void shutdownServer("SIGINT"); });\n' +
    '\n' +
    'const staticAssetOptions = {\n' +
    '  dotfiles: "ignore",\n' +
    '  setHeaders(res, filepath) {\n' +
    '    const ext = path.extname(filepath).toLowerCase();\n' +
    '    if ([".mp3", ".ogg", ".webm", ".m4a", ".wav", ".png", ".jpg", ".jpeg", ".webp", ".gif", ".svg", ".ico", ".woff", ".woff2", ".ttf"].includes(ext)) {\n' +
    '      res.setHeader("Cache-Control", "public, max-age=31536000, immutable");\n' +
    '    } else if ([".css", ".js"].includes(ext)) {\n' +
    '      res.setHeader("Cache-Control", "public, max-age=86400");\n' +
    '    } else if (ext === ".html") {\n' +
    '      res.setHeader("Cache-Control", "no-cache");\n' +
    '    }\n' +
    '  }\n' +
    '};\n' +
    '\n' +
    '// The navigation script is deferred, so hide legacy back links before first paint\n' +
    '// to stop them flashing. visibility (not display) keeps their size measurable.\n' +
    `const SITE_BACK_PENDING_TAG = '<script>if(window.self===window.top&&!["/","/index.html"].includes(location.pathname))document.documentElement.classList.add("site-back-pending")</script>'\n` +
    "  + '<style>.site-back-pending :is(a.back,a.back-button,a.back-link,a.home,a.home-link,a.counting-back,a.catalog-back){visibility:hidden!important}</style>';\n" +
    'const SITE_BACK_SCRIPT_TAG = `${SITE_BACK_PENDING_TAG}<script data-site-back-navigation="true" src="/assets/site-back-navigation.js?v=20260926-empty-header" defer></script>`;\n' +
    `const SITE_SFX_SCRIPT_TAG = '<script data-class-game-sfx="true" src="/assets/sound/game-sfx.js?v=20260912-feedback-scope-1" defer></script>';\n` +
    `const SITE_EXAM_TYPOGRAPHY_TAG = '<link rel="stylesheet" href="/assets/exam-typography.css?v=20260926-reading-prose">';\n` +
    '\n' +
    'function sendSiteHtml(req, res, filepath, next) {\n' +
    '  fs.readFile(filepath, "utf8", (error, htmlSource) => {\n' +
    '    if (error) return next(error);\n' +
    '\n' +
    '    const htmlWithBackNavigation = htmlSource.includes("/assets/site-back-navigation.js")\n' +
    '      ? htmlSource\n' +
    '      : /<\\/head>/i.test(htmlSource)\n' +
    '        ? htmlSource.replace(/<\\/head>/i, `  ${SITE_BACK_SCRIPT_TAG}\\n</head>`)\n' +
    '        : `${SITE_BACK_SCRIPT_TAG}\\n${htmlSource}`;\n' +
    '    const htmlWithSound = htmlWithBackNavigation.includes("/assets/sound/game-sfx.js")\n' +
    '      ? htmlWithBackNavigation\n' +
    '      : /<\\/head>/i.test(htmlWithBackNavigation)\n' +
    '        ? htmlWithBackNavigation.replace(/<\\/head>/i, `  ${SITE_SFX_SCRIPT_TAG}\\n</head>`)\n' +
    '        : `${SITE_SFX_SCRIPT_TAG}\\n${htmlWithBackNavigation}`;\n' +
    '\n' +
    '    const isLearningPage = filepath.startsWith(path.join(SITE_ROOT, "learning") + path.sep);\n' +
    '    const html = isLearningPage && !htmlWithSound.includes("/assets/exam-typography.css")\n' +
    '      ? /<\\/head>/i.test(htmlWithSound)\n' +
    '        ? htmlWithSound.replace(/<\\/head>/i, `  ${SITE_EXAM_TYPOGRAPHY_TAG}\\n</head>`)\n' +
    '        : `${SITE_EXAM_TYPOGRAPHY_TAG}\\n${htmlWithSound}`\n' +
    '      : htmlWithSound;\n'... 166148 more characters
  
      at TestContext.<anonymous> (file:///E:/webprojects/class/game-hub-server/site-back-navigation-contract.test.mjs:16:10)
      at Test.runInAsyncScope (node:async_hooks:227:14)
      at Test.run (node:internal/test_runner/test:1325:25)
      at Test.start (node:internal/test_runner/test:1191:17)
      at startSubtestAfterBootstrap (node:internal/test_runner/harness:385:17) {
    generatedMessage: true,
    code: 'ERR_ASSERTION',
    actual: 'const express = require("express");\nconst http = require("http");\nconst path = require("path");\nconst fs = require("fs");\nconst crypto = require("crypto");\nconst { spawn } = require("child_process");\nconst { WebSocketServer, WebSocket } = require("ws");\nconst LoveLetter = require("./loveletter");\nconst LastCard = require("./lastcard");\nconst Bomb77 = require("./bomb77");\nconst Rummikub = require("./rummikub");\nconst GemGuild = require("./gemguild");\nconst BeanTrading = require("./beantrading");\nconst CityChase = require("./citychase");\nconst KingdomTrails = require("./kingdomtrails");\nconst Blokus = require("./blokus");\nconst Chess = require("./chess");\nconst Honeycomb = require("./honeycomb");\nconst DrawRelay = require("./drawrelay");\nconst Expedition = require("./expedition");\nconst Clue = require("./clue");\nconst Codenames = require("./codenames");\nconst Dobble = require("./dobble");\nconst Quizrace = require("./quizrace");\nconst { createClassroomPlatform } = require("./classroom-platform");\nconst { redirectLegacyHosts } = require("./canonical-host");\nconst { createKmaWeather } = require("./kma-weather");\nconst {\n  clientMatchesToken,\n  restoreRoom,\n  snapshotRoom\n} = require("./room-snapshots");\n\nconst app = express();\napp.disable("x-powered-by");\napp.set("trust proxy", 1);\nconst server = http.createServer(app);\nconst wss = new WebSocketServer({ server });\nconst rooms = new Map();\nconst classroomPlatform = createClassroomPlatform({\n  databaseUrl: process.env.DATABASE_URL,\n  googleClientId: process.env.GOOGLE_CLIENT_ID,\n  teacherEmails: process.env.TEACHER_EMAILS,\n  adminEmails: process.env.ADMIN_EMAILS,\n  nodeEnv: process.env.NODE_ENV,\n  isLiveQuizRaceCode: (code) => rooms.has(`quizrace:${code}`)\n});\nconst kmaWeather = createKmaWeather({ serviceKey: process.env.KMA_API_KEY });\n\nconst PORT = Number(process.env.PORT) || 10000;\nconst ARITHMETIC_PORT = Number(process.env.ARITHMETIC_PORT) || 10001;\nconst WORLD_VOYAGE_PORT = Number(process.env.WORLD_VOYAGE_PORT) || 10003;\nconst ROOM_RECONNECT_GRACE_MS = Math.max(30000, Number(process.env.ROOM_RECONNECT_GRACE_MS) || 120000);\nconst ROOM_SNAPSHOT_TTL_SECONDS = Math.max(900, Number(process.env.ROOM_SNAPSHOT_TTL_SECONDS) || 10800);\nconst ROOM_SNAPSHOT_INTERVAL_MS = 2000;\nconst SITE_ROOT = path.resolve(__dirname, "..");\nconst WORLD_VOYAGE_PREFIX = "/learn/world-voyage";\nconst MUTATING_METHODS = new Set(["POST", "PUT", "PATCH", "DELETE"]);\n\nfunction isSameRequestOrigin(req, origin) {\n  if (!origin) return true;\n  try {\n    return new URL(origin).origin === `${req.protocol}://${req.get("host")}`;\n  } catch (_) {\n    return false;\n  }\n}\n\napp.use(redirectLegacyHosts);\n\napp.use((req, res, next) => {\n  res.setHeader("Content-Security-Policy", "base-uri \'self\'; object-src \'none\'; frame-ancestors \'self\'");\n  res.setHeader("X-Content-Type-Options", "nosniff");\n  res.setHeader("X-Frame-Options", "SAMEORIGIN");\n  res.setHeader("Referrer-Policy", "strict-origin-when-cross-origin");\n  res.setHeader("Permissions-Policy", "camera=(self), microphone=(self), geolocation=()");\n  res.setHeader("X-Permitted-Cross-Domain-Policies", "none");\n  if (process.env.NODE_ENV === "production") {\n    res.setHeader("Strict-Transport-Security", "max-age=31536000; includeSubDomains");\n  }\n\n  const origin = String(req.get("origin") || "").trim();\n  const sameOrigin = isSameRequestOrigin(req, origin);\n  const isApiRequest = req.path === "/api" || req.path.startsWith("/api/");\n  const fetchSite = String(req.get("sec-fetch-site") || "").toLowerCase();\n\n  if (isApiRequest && origin && !sameOrigin) {\n    return res.status(403).json({ error: "CROSS_ORIGIN_REQUEST_BLOCKED", message: "허용되지 않은 요청 출처입니다." });\n  }\n  if (isApiRequest && MUTATING_METHODS.has(req.method) && fetchSite === "cross-site") {\n    return res.status(403).json({ error: "CROSS_SITE_REQUEST_BLOCKED", message: "허용되지 않은 요청 출처입니다." });\n  }\n  if (origin && sameOrigin) {\n    res.setHeader("Access-Control-Allow-Origin", origin);\n    res.vary("Origin");\n  }\n  if (req.method === "OPTIONS") {\n    if (origin && !sameOrigin) return res.sendStatus(403);\n    res.setHeader("Access-Control-Allow-Methods", "GET,POST,PUT,PATCH,DELETE,OPTIONS");\n    res.setHeader("Access-Control-Allow-Headers", "Content-Type");\n    return res.sendStatus(204);\n  }\n  next();\n});\n\nfunction startLearningApp(relativeDirectory, port, label) {\n  const appDirectory = path.join(SITE_ROOT, relativeDirectory);\n  const cliPath = path.join(appDirectory, "node_modules", "vinext", "dist", "cli.js");\n  const child = spawn(\n    process.execPath,\n    [cliPath, "start", "--hostname", "127.0.0.1", "--port", String(port)],\n    {\n      cwd: appDirectory,\n      env: { ...process.env, PORT: String(port) },\n      stdio: ["ignore", "inherit", "inherit"],\n    },\n  );\n\n  child.on("exit", (code, signal) => {\n    console.error(`${label} stopped (code=${code}, signal=${signal})`);\n  });\n  return child;\n}\n\nfunction startNodeLearningApp(relativeDirectory, port, label) {\n  const appDirectory = path.join(SITE_ROOT, relativeDirectory);\n  const child = spawn(\n    process.execPath,\n    ["server.js"],\n    {\n      cwd: appDirectory,\n      env: { ...process.env, PORT: String(port) },\n      stdio: ["ignore", "inherit", "inherit"],\n    },\n  );\n\n  child.on("exit", (code, signal) => {\n    console.error(`${label} stopped (code=${code}, signal=${signal})`);\n  });\n  return child;\n}\n\nfunction proxyToLearningApp(port, options = {}) {\n  return (req, res) => {\n    const headers = { ...req.headers, host: `127.0.0.1:${port}` };\n    const proxyPath = options.stripPrefix && req.originalUrl.startsWith(options.stripPrefix)\n      ? req.originalUrl.slice(options.stripPrefix.length) || "/"\n      : req.originalUrl;\n    const proxyRequest = http.request(\n      {\n        hostname: "127.0.0.1",\n        port,\n        path: options.rewritePath ? options.rewritePath(proxyPath) : proxyPath,\n        method: req.method,\n        headers,\n      },\n      (proxyResponse) => {\n        res.writeHead(proxyResponse.statusCode || 502, proxyResponse.headers);\n        proxyResponse.pipe(res);\n      },\n    );\n\n    proxyRequest.on("error", () => {\n      if (!res.headersSent) {\n        res.status(503).send("학습 앱을 준비하고 있습니다. 잠시 후 다시 시도해 주세요.");\n      } else {\n        res.end();\n      }\n    });\n    req.pipe(proxyRequest);\n  };\n}\n\nconst arithmeticApp = startLearningApp(\n  "learning/literacy-numeracy/arithmetics",\n  ARITHMETIC_PORT,\n  "Arithmetic app",\n);\nconst worldVoyageApp = startNodeLearningApp(\n  "learning/inquiry/age-of-exploration",\n  WORLD_VOYAGE_PORT,\n  "World Voyage app",\n);\n\nconst stopLearningApps = () => {\n  arithmeticApp.kill();\n  worldVoyageApp.kill();\n};\nlet shutdownStarted = false;\nasync function shutdownServer(signal) {\n  if (shutdownStarted) return;\n  shutdownStarted = true;\n  console.log(`Received ${signal}; saving multiplayer rooms before shutdown.`);\n  const forcedExit = setTimeout(() => process.exit(0), 8000);\n  try {\n    await persistAllRoomSnapshots();\n  } finally {\n    stopLearningApps();\n    for (const client of wss.clients) {\n      try { client.close(1012, "SERVER_RESTART"); } catch (_) {}\n    }\n    wss.close();\n    server.close(() => {\n      clearTimeout(forcedExit);\n      process.exit(0);\n    });\n  }\n}\nprocess.once("SIGTERM", () => { void shutdownServer("SIGTERM"); });\nprocess.once("SIGINT", () => { void shutdownServer("SIGINT"); });\n\nconst staticAssetOptions = {\n  dotfiles: "ignore",\n  setHeaders(res, filepath) {\n    const ext = path.extname(filepath).toLowerCase();\n    if ([".mp3", ".ogg", ".webm", ".m4a", ".wav", ".png", ".jpg", ".jpeg", ".webp", ".gif", ".svg", ".ico", ".woff", ".woff2", ".ttf"].includes(ext)) {\n      res.setHeader("Cache-Control", "public, max-age=31536000, immutable");\n    } else if ([".css", ".js"].includes(ext)) {\n      res.setHeader("Cache-Control", "public, max-age=86400");\n    } else if (ext === ".html") {\n      res.setHeader("Cache-Control", "no-cache");\n    }\n  }\n};\n\n// The navigation script is deferred, so hide legacy back links before first paint\n// to stop them flashing. visibility (not display) keeps their size measurable.\nconst SITE_BACK_PENDING_TAG = \'<script>if(window.self===window.top&&!["/","/index.html"].includes(location.pathname))document.documentElement.classList.add("site-back-pending")</script>\'\n  + \'<style>.site-back-pending :is(a.back,a.back-button,a.back-link,a.home,a.home-link,a.counting-back,a.catalog-back){visibility:hidden!important}</style>\';\nconst SITE_BACK_SCRIPT_TAG = `${SITE_BACK_PENDING_TAG}<script data-site-back-navigation="true" src="/assets/site-back-navigation.js?v=20260926-empty-header" defer></script>`;\nconst SITE_SFX_SCRIPT_TAG = \'<script data-class-game-sfx="true" src="/assets/sound/game-sfx.js?v=20260912-feedback-scope-1" defer></script>\';\nconst SITE_EXAM_TYPOGRAPHY_TAG = \'<link rel="stylesheet" href="/assets/exam-typography.css?v=20260926-reading-prose">\';\n\nfunction sendSiteHtml(req, res, filepath, next) {\n  fs.readFile(filepath, "utf8", (error, htmlSource) => {\n    if (error) return next(error);\n\n    const htmlWithBackNavigation = htmlSource.includes("/assets/site-back-navigation.js")\n      ? htmlSource\n      : /<\\/head>/i.test(htmlSource)\n        ? htmlSource.replace(/<\\/head>/i, `  ${SITE_BACK_SCRIPT_TAG}\\n</head>`)\n        : `${SITE_BACK_SCRIPT_TAG}\\n${htmlSource}`;\n    const htmlWithSound = htmlWithBackNavigation.includes("/assets/sound/game-sfx.js")\n      ? htmlWithBackNavigation\n      : /<\\/head>/i.test(htmlWithBackNavigation)\n        ? htmlWithBackNavigation.replace(/<\\/head>/i, `  ${SITE_SFX_SCRIPT_TAG}\\n</head>`)\n        : `${SITE_SFX_SCRIPT_TAG}\\n${htmlWithBackNavigation}`;\n\n    const isLearningPage = filepath.startsWith(path.join(SITE_ROOT, "learning") + path.sep);\n    const html = isLearningPage && !htmlWithSound.includes("/assets/exam-typography.css")\n      ? /<\\/head>/i.test(htmlWithSound)\n        ? htmlWithSound.replace(/<\\/head>/i, `  ${SITE_EXAM_TYPOGRAPHY_TAG}\\n</head>`)\n        : `${SITE_EXAM_TYPOGRAPHY_TAG}\\n${htmlWithSound}`\n      : htmlWithSound;\n'... 166148 more characters,
    expected: /game-sfx\.js\?v=20260910-music-controls-1/,
    operator: 'match',
    diff: 'simple'
  }

test at game-hub-server\site-back-navigation-contract.test.mjs:29:1
✖ back control climbs from an active game to its lobby first (0.6138ms)
  AssertionError [ERR_ASSERTION]: The input did not match the regular expression /if \(!this\.started\) return;[\s\S]*event\.preventDefault\(\);[\s\S]*location\.reload\(\)/. Input:
  
  '(() => {\r\n' +
    '    "use strict";\r\n' +
    '\r\n' +
    '    const MESSAGE = Object.freeze({\r\n' +
    '        STATE: "CLASSROOM_LOBBY_STATE",\r\n' +
    '        START: "CLASSROOM_LOBBY_START",\r\n' +
    '        ABORT: "CLASSROOM_LOBBY_ABORT",\r\n' +
    '        PLAYER_UPDATE: "CLASSROOM_LOBBY_PLAYER_UPDATE",\r\n' +
    '        RTC_SIGNAL: "CLASSROOM_LOBBY_RTC_SIGNAL"\r\n' +
    '    });\r\n' +
    '\r\n' +
    '    const DEFAULT_IDS = Object.freeze({\r\n' +
    '        missingScreen: "missingScreen",\r\n' +
    '        lobbyScreen: "lobbyScreen",\r\n' +
    '        savedName: "savedName",\r\n' +
    '        hostTab: "hostTab",\r\n' +
    '        joinTab: "joinTab",\r\n' +
    '        hostPane: "hostPane",\r\n' +
    '        joinPane: "joinPane",\r\n' +
    '        roomCode: "roomCode",\r\n' +
    '        hostStatus: "hostStatus",\r\n' +
    '        joinCode: "joinCode",\r\n' +
    '        joinButton: "joinBtn",\r\n' +
    '        joinStatus: "joinStatus",\r\n' +
    '        playerList: "lobbyPlayers",\r\n' +
    '        guide: "lobbyGuide",\r\n' +
    '        startButton: "startBtn"\r\n' +
    '    });\r\n' +
    '\r\n' +
    '    // 이 사이트에는 학생마다 아바타가 있다. 한 번만 받아 두고 모든 게임이 나눠 쓴다.\r\n' +
    '    let avatarKey = null;\r\n' +
    '    let avatarPromise = null;\r\n' +
    '\r\n' +
    '    function loadAvatarKey() {\r\n' +
    '        if (avatarPromise) return avatarPromise;\r\n' +
    '        avatarPromise = fetch("/api/student/profile", { credentials: "same-origin" })\r\n' +
    '            .then(response => (response.ok ? response.json() : null))\r\n' +
    '            .then(data => { avatarKey = data?.profile?.avatar?.key || ""; return avatarKey; })\r\n' +
    '            // 게스트나 비로그인이면 아바타가 없다. 게임은 이름만으로 계속 돌아간다.\r\n' +
    '            .catch(() => { avatarKey = ""; return ""; });\r\n' +
    '        return avatarPromise;\r\n' +
    '    }\r\n' +
    '\r\n' +
    '    function avatarUrlFor(key) {\r\n' +
    '        // 서버가 최종 검증하지만, 화면에 이상한 주소가 박히지 않도록 모양만 걸러 둔다.\r\n' +
    '        return /^[a-z0-9-]+[.]webp$/i.test(String(key || "")) ? "/assets/avatars/" + key : "";\r\n' +
    '    }\r\n' +
    '\r\n' +
    '    function safeName(value) {\r\n' +
    '        return String(value || "").trim() || "플레이어";\r\n' +
    '    }\r\n' +
    '\r\n' +
    '    function getElement(id) {\r\n' +
    '        return id ? document.getElementById(id) : null;\r\n' +
    '    }\r\n' +
    '\r\n' +
    '    class MultiplayerLobby {\r\n' +
    '        constructor(options) {\r\n' +
    '            if (!options?.gameId) throw new Error("MultiplayerLobby requires gameId.");\r\n' +
    '            if (!window.ClassroomNetwork) throw new Error("Load game-network.js before multiplayer-lobby.js.");\r\n' +
    '\r\n' +
    '            this.options = options;\r\n' +
    '            this.gameId = String(options.gameId);\r\n' +
    '            this.ids = { ...DEFAULT_IDS, ...(options.ids || {}) };\r\n' +
    '            this.allowedPlayerCounts = Array.isArray(options.allowedPlayerCounts)\r\n' +
    '                ? [...new Set(options.allowedPlayerCounts.map(Number).filter(Number.isInteger))].sort((a, b) => a - b)\r\n' +
    '                : null;\r\n' +
    '            this.minPlayers = Number(options.minPlayers) || this.allowedPlayerCounts?.[0] || 2;\r\n' +
    '            this.maxPlayers = Number(options.maxPlayers) || this.allowedPlayerCounts?.at(-1) || 4;\r\n' +
    '            this.socket = null;\r\n' +
    '            this.pendingAction = null;\r\n' +
    '            this.intentionalClose = false;\r\n' +
    '            this.hostCreateAttempts = 0;\r\n' +
    '            this.role = "host";\r\n' +
    '            this.roomCode = "";\r\n' +
    '            this.myId = null;\r\n' +
    '            this.players = {};\r\n' +
    '            this.connected = false;\r\n' +
    '            this.started = false;\r\n' +
    '            this.mounted = false;\r\n' +
    '            this._boundBeforeUnload = () => {\r\n' +
    "                // keepRoomOnReload: 방장은 true, 참가자까지 포함하려면 'all'. '떠남'(4000) 대신\r\n" +
    "                // '잠깐 끊김'으로 닫아 두면 서버가 2분 동안 방을 남겨 두고, 새 화면이 같은 방 번호로 되찾는다.\r\n" +
    '                if (this.options.keepRoomOnReload && (this.role === "host" || this.options.keepRoomOnReload === "all") && this.connected && this.socket) {\r\n' +
    '                    this.intentionalClose = true;\r\n' +
    '                    try { this.socket.close(4005, "PAGE_RELOAD"); } catch (_) {}\r\n' +
    '                    return;\r\n' +
    '                }\r\n' +
    '                this.destroy();\r\n' +
    '            };\r\n' +
    '            this._boundSiteBack = event => {\r\n' +
    '                const playing = typeof this.options.isGameActive === "function"\r\n' +
    '                    ? this.options.isGameActive() : this.started;\r\n' +
    '                event.preventDefault();\r\n' +
    '                this.destroy();\r\n' +
    '                if (playing) location.reload();\r\n' +
    '                else location.href = "/";\r\n' +
    '            };\r\n' +
    '        }\r\n' +
    '\r\n' +
    '        mount() {\r\n' +
    '            if (this.mounted) return this;\r\n' +
    '            this.mounted = true;\r\n' +
    '            this.elements = Object.fromEntries(Object.entries(this.ids).map(([key, id]) => [key, getElement(id)]));\r\n' +
    '            const { hostTab, joinTab, hostPane, joinPane, joinButton } = this.elements;\r\n' +
    '            const tabList = hostTab?.parentElement === joinTab?.parentElement ? hostTab?.parentElement : null;\r\n' +
    '            tabList?.setAttribute("role", "tablist");\r\n' +
    '            tabList?.setAttribute("aria-label", "방 참여 방식");\r\n' +
    '            if (hostTab) {\r\n' +
    '                hostTab.textContent = "Create Room";\r\n' +
    '                hostTab.setAttribute("role", "tab");\r\n' +
    '                if (hostPane?.id) hostTab.setAttribute("aria-controls", hostPane.id);\r\n' +
    '            }\r\n' +
    '            if (joinTab) {\r\n' +
    '                joinTab.textContent = "Join Room";\r\n' +
    '                joinTab.setAttribute("aria-label", "방 번호 입력 방식 선택");\r\n' +
    '                joinTab.setAttribute("role", "tab");\r\n' +
    '                if (joinPane?.id) joinTab.setAttribute("aria-controls", joinPane.id);\r\n' +
    '            }\r\n' +
    '            if (joinButton) {\r\n' +
    '                joinButton.textContent = "Join";\r\n' +
    '                joinButton.setAttribute("aria-label", "입력한 방 번호로 참가");\r\n' +
    '            }\r\n' +
    '\r\n' +
    '            const joinInput = this.elements.joinCode;\r\n' +
    '            if (joinInput && joinButton) {\r\n' +
    '                joinInput.classList.add("mp-lobby-join-input");\r\n' +
    '                joinInput.placeholder = "Room Code";\r\n' +
    '                joinInput.setAttribute("aria-label", "네 자리 방 번호");\r\n' +
    '                joinButton.classList.add("mp-lobby-join-submit");\r\n' +
    '                joinPane?.classList.add("mp-lobby-join-pane");\r\n' +
    '                this.elements.joinStatus?.classList.add("mp-lobby-join-status");\r\n' +
    '                if (joinInput.parentElement && joinInput.parentElement === joinButton.parentElement) {\r\n' +
    '                    joinInput.parentElement.classList.add("mp-lobby-join-controls");\r\n' +
    '                }\r\n' +
    '            }\r\n' +
    '\r\n' +
    '            const name = this.playerName;\r\n' +
    '            if (!name) {\r\n' +
    '                this.elements.missingScreen?.classList.remove("hidden");\r\n' +
    '                return this;\r\n' +
    '            }\r\n' +
    '\r\n' +
    '            if (this.elements.savedName) this.elements.savedName.textContent = name;\r\n' +
    '            this._prepareLayout();\r\n' +
    '            this.elements.lobbyScreen?.classList.remove("hidden");\r\n' +
    '            this.elements.hostTab?.addEventListener("click", () => this.setMode("host"));\r\n' +
    '            this.elements.joinTab?.addEventListener("click", () => this.setMode("guest"));\r\n' +
    '            this.elements.joinButton?.addEventListener("click", () => this.joinRoom());\r\n' +
    '            this.elements.startButton?.addEventListener("click", () => this.startGame());\r\n' +
    '\r\n' +
    '            joinInput?.addEventListener("input", event => {\r\n' +
    '                event.target.value = event.target.value.replace(/\\D/g, "").slice(0, 4);\r\n' +
    '            });\r\n' +
    '            joinInput?.addEventListener("keydown", event => {\r\n' +
    '                if (event.key === "Enter") this.joinRoom();\r\n' +
    '            });\r\n' +
    '\r\n' +
    '            (this.options.rulesButtonIds || []).forEach(id => {\r\n' +
    '                getElement(id)?.addEventListener("click", () => {\r\n' +
    '                    this.options.onRules?.();\n' +
    '                    if (this.options.preserveRulesUi) return;\n' +
    '                    document.querySelectorAll("[role=dialog], .rulesOverlay, .rules-overlay, .rulesModal, .rules-modal, .modal, .mp-modal, .popup-box, .modal-content, .modal-box").forEach(dialog => {\r\n' +
    '                        if (!dialog.checkVisibility?.()) return;\r\n' +
    '                        dialog.classList.add("mp-ui-rules");\r\n' +
    '                        const heading = dialog.querySelector("h2");\r\n' +
    '                        if (heading) heading.textContent = "Rules";\r\n' +
    '                    });\r\n' +
    '                });\r\n' +
    '            });\r\n' +
    '            (this.options.leaveButtonIds || []).forEach(id => {\r\n' +
    '                const leaveButton = getElement(id);\r\n' +
    '                if (!leaveButton) return;\r\n' +
    '                leaveButton.dataset.siteBackLegacy = "true";\r\n' +
    '                leaveButton.setAttribute("aria-hidden", "true");\r\n' +
    '                leaveButton.setAttribute("tabindex", "-1");\r\n' +
    '                leaveButton.addEventListener("click", () => {\r\n' +
    '                    this.destroy();\r\n' +
    '                    if (typeof this.options.onLeave === "function") this.options.onLeave();\r\n' +
    '                    else location.reload();\r\n' +
    '                });\r\n' +
    '            });\r\n' +
    '            window.addEventListener("beforeunload", this._boundBeforeUnload);\r\n' +
    '            window.addEventListener("sitebackrequest", this._boundSiteBack);\r\n' +
    '            this.setMode(this.options.initialMode === "guest" ? "guest" : "host");\r\n' +
    '            return this;\r\n' +
    '        }\r\n' +
    '\r\n' +
    '        // Keep the existing controls and their listeners; only arrange the lobby shell.\r\n' +
    '        _prepareLayout() {\r\n' +
    '            const e = this.elements, root = e.lobbyScreen;\r\n' +
    '            if (!root?.querySelector) return;\r\n' +
    '            const surface = root.querySelector(".lobby-panel, .lobbyPanel, .panel, .parchment-card, .screen-panel") || root;\r\n' +
    '            const skin = getComputedStyle(surface);\r\n' +
    '            const channels = value => (value.match(/[\\d.]+/g) || []).slice(0, 3).map(Number);\r\n' +
    '            const brightness = value => { const c = channels(value); return (c[0] || 0) * .299 + (c[1] || 0) * .587 + (c[2] || 0) * .114; };\r\n' +
    '            const background = skin.backgroundColor === "rgba(0, 0, 0, 0)"\r\n' +
    '                ? (brightness(skin.color) < 140 ? "#f5efdf" : "#121b27") : skin.backgroundColor;\r\n' +
    '            const opaqueBackground = background.startsWith("rgb") ? `rgb(${channels(background).join(", ")})` : background;\r\n' +
    '            root.style.setProperty("--lobby-surface", opaqueBackground);\r\n' +
    '            root.style.setProperty("--lobby-ink", background === "#f5efdf" || brightness(background) > 160 ? "#20313b" : "#edf2f5");\r\n' +
    '            root.style.setProperty("--lobby-edge", skin.borderTopColor);\r\n' +
    '     '... 28770 more characters
  
      at TestContext.<anonymous> (file:///E:/webprojects/class/game-hub-server/site-back-navigation-contract.test.mjs:34:10)
      at Test.runInAsyncScope (node:async_hooks:227:14)
      at Test.run (node:internal/test_runner/test:1325:25)
      at Test.processPendingSubtests (node:internal/test_runner/test:911:18)
      at Test.postRun (node:internal/test_runner/test:1465:19)
      at Test.run (node:internal/test_runner/test:1390:12)
      at async startSubtestAfterBootstrap (node:internal/test_runner/harness:385:3) {
    generatedMessage: true,
    code: 'ERR_ASSERTION',
    actual: '(() => {\r\n    "use strict";\r\n\r\n    const MESSAGE = Object.freeze({\r\n        STATE: "CLASSROOM_LOBBY_STATE",\r\n        START: "CLASSROOM_LOBBY_START",\r\n        ABORT: "CLASSROOM_LOBBY_ABORT",\r\n        PLAYER_UPDATE: "CLASSROOM_LOBBY_PLAYER_UPDATE",\r\n        RTC_SIGNAL: "CLASSROOM_LOBBY_RTC_SIGNAL"\r\n    });\r\n\r\n    const DEFAULT_IDS = Object.freeze({\r\n        missingScreen: "missingScreen",\r\n        lobbyScreen: "lobbyScreen",\r\n        savedName: "savedName",\r\n        hostTab: "hostTab",\r\n        joinTab: "joinTab",\r\n        hostPane: "hostPane",\r\n        joinPane: "joinPane",\r\n        roomCode: "roomCode",\r\n        hostStatus: "hostStatus",\r\n        joinCode: "joinCode",\r\n        joinButton: "joinBtn",\r\n        joinStatus: "joinStatus",\r\n        playerList: "lobbyPlayers",\r\n        guide: "lobbyGuide",\r\n        startButton: "startBtn"\r\n    });\r\n\r\n    // 이 사이트에는 학생마다 아바타가 있다. 한 번만 받아 두고 모든 게임이 나눠 쓴다.\r\n    let avatarKey = null;\r\n    let avatarPromise = null;\r\n\r\n    function loadAvatarKey() {\r\n        if (avatarPromise) return avatarPromise;\r\n        avatarPromise = fetch("/api/student/profile", { credentials: "same-origin" })\r\n            .then(response => (response.ok ? response.json() : null))\r\n            .then(data => { avatarKey = data?.profile?.avatar?.key || ""; return avatarKey; })\r\n            // 게스트나 비로그인이면 아바타가 없다. 게임은 이름만으로 계속 돌아간다.\r\n            .catch(() => { avatarKey = ""; return ""; });\r\n        return avatarPromise;\r\n    }\r\n\r\n    function avatarUrlFor(key) {\r\n        // 서버가 최종 검증하지만, 화면에 이상한 주소가 박히지 않도록 모양만 걸러 둔다.\r\n        return /^[a-z0-9-]+[.]webp$/i.test(String(key || "")) ? "/assets/avatars/" + key : "";\r\n    }\r\n\r\n    function safeName(value) {\r\n        return String(value || "").trim() || "플레이어";\r\n    }\r\n\r\n    function getElement(id) {\r\n        return id ? document.getElementById(id) : null;\r\n    }\r\n\r\n    class MultiplayerLobby {\r\n        constructor(options) {\r\n            if (!options?.gameId) throw new Error("MultiplayerLobby requires gameId.");\r\n            if (!window.ClassroomNetwork) throw new Error("Load game-network.js before multiplayer-lobby.js.");\r\n\r\n            this.options = options;\r\n            this.gameId = String(options.gameId);\r\n            this.ids = { ...DEFAULT_IDS, ...(options.ids || {}) };\r\n            this.allowedPlayerCounts = Array.isArray(options.allowedPlayerCounts)\r\n                ? [...new Set(options.allowedPlayerCounts.map(Number).filter(Number.isInteger))].sort((a, b) => a - b)\r\n                : null;\r\n            this.minPlayers = Number(options.minPlayers) || this.allowedPlayerCounts?.[0] || 2;\r\n            this.maxPlayers = Number(options.maxPlayers) || this.allowedPlayerCounts?.at(-1) || 4;\r\n            this.socket = null;\r\n            this.pendingAction = null;\r\n            this.intentionalClose = false;\r\n            this.hostCreateAttempts = 0;\r\n            this.role = "host";\r\n            this.roomCode = "";\r\n            this.myId = null;\r\n            this.players = {};\r\n            this.connected = false;\r\n            this.started = false;\r\n            this.mounted = false;\r\n            this._boundBeforeUnload = () => {\r\n                // keepRoomOnReload: 방장은 true, 참가자까지 포함하려면 \'all\'. \'떠남\'(4000) 대신\r\n                // \'잠깐 끊김\'으로 닫아 두면 서버가 2분 동안 방을 남겨 두고, 새 화면이 같은 방 번호로 되찾는다.\r\n                if (this.options.keepRoomOnReload && (this.role === "host" || this.options.keepRoomOnReload === "all") && this.connected && this.socket) {\r\n                    this.intentionalClose = true;\r\n                    try { this.socket.close(4005, "PAGE_RELOAD"); } catch (_) {}\r\n                    return;\r\n                }\r\n                this.destroy();\r\n            };\r\n            this._boundSiteBack = event => {\r\n                const playing = typeof this.options.isGameActive === "function"\r\n                    ? this.options.isGameActive() : this.started;\r\n                event.preventDefault();\r\n                this.destroy();\r\n                if (playing) location.reload();\r\n                else location.href = "/";\r\n            };\r\n        }\r\n\r\n        mount() {\r\n            if (this.mounted) return this;\r\n            this.mounted = true;\r\n            this.elements = Object.fromEntries(Object.entries(this.ids).map(([key, id]) => [key, getElement(id)]));\r\n            const { hostTab, joinTab, hostPane, joinPane, joinButton } = this.elements;\r\n            const tabList = hostTab?.parentElement === joinTab?.parentElement ? hostTab?.parentElement : null;\r\n            tabList?.setAttribute("role", "tablist");\r\n            tabList?.setAttribute("aria-label", "방 참여 방식");\r\n            if (hostTab) {\r\n                hostTab.textContent = "Create Room";\r\n                hostTab.setAttribute("role", "tab");\r\n                if (hostPane?.id) hostTab.setAttribute("aria-controls", hostPane.id);\r\n            }\r\n            if (joinTab) {\r\n                joinTab.textContent = "Join Room";\r\n                joinTab.setAttribute("aria-label", "방 번호 입력 방식 선택");\r\n                joinTab.setAttribute("role", "tab");\r\n                if (joinPane?.id) joinTab.setAttribute("aria-controls", joinPane.id);\r\n            }\r\n            if (joinButton) {\r\n                joinButton.textContent = "Join";\r\n                joinButton.setAttribute("aria-label", "입력한 방 번호로 참가");\r\n            }\r\n\r\n            const joinInput = this.elements.joinCode;\r\n            if (joinInput && joinButton) {\r\n                joinInput.classList.add("mp-lobby-join-input");\r\n                joinInput.placeholder = "Room Code";\r\n                joinInput.setAttribute("aria-label", "네 자리 방 번호");\r\n                joinButton.classList.add("mp-lobby-join-submit");\r\n                joinPane?.classList.add("mp-lobby-join-pane");\r\n                this.elements.joinStatus?.classList.add("mp-lobby-join-status");\r\n                if (joinInput.parentElement && joinInput.parentElement === joinButton.parentElement) {\r\n                    joinInput.parentElement.classList.add("mp-lobby-join-controls");\r\n                }\r\n            }\r\n\r\n            const name = this.playerName;\r\n            if (!name) {\r\n                this.elements.missingScreen?.classList.remove("hidden");\r\n                return this;\r\n            }\r\n\r\n            if (this.elements.savedName) this.elements.savedName.textContent = name;\r\n            this._prepareLayout();\r\n            this.elements.lobbyScreen?.classList.remove("hidden");\r\n            this.elements.hostTab?.addEventListener("click", () => this.setMode("host"));\r\n            this.elements.joinTab?.addEventListener("click", () => this.setMode("guest"));\r\n            this.elements.joinButton?.addEventListener("click", () => this.joinRoom());\r\n            this.elements.startButton?.addEventListener("click", () => this.startGame());\r\n\r\n            joinInput?.addEventListener("input", event => {\r\n                event.target.value = event.target.value.replace(/\\D/g, "").slice(0, 4);\r\n            });\r\n            joinInput?.addEventListener("keydown", event => {\r\n                if (event.key === "Enter") this.joinRoom();\r\n            });\r\n\r\n            (this.options.rulesButtonIds || []).forEach(id => {\r\n                getElement(id)?.addEventListener("click", () => {\r\n                    this.options.onRules?.();\n                    if (this.options.preserveRulesUi) return;\n                    document.querySelectorAll("[role=dialog], .rulesOverlay, .rules-overlay, .rulesModal, .rules-modal, .modal, .mp-modal, .popup-box, .modal-content, .modal-box").forEach(dialog => {\r\n                        if (!dialog.checkVisibility?.()) return;\r\n                        dialog.classList.add("mp-ui-rules");\r\n                        const heading = dialog.querySelector("h2");\r\n                        if (heading) heading.textContent = "Rules";\r\n                    });\r\n                });\r\n            });\r\n            (this.options.leaveButtonIds || []).forEach(id => {\r\n                const leaveButton = getElement(id);\r\n                if (!leaveButton) return;\r\n                leaveButton.dataset.siteBackLegacy = "true";\r\n                leaveButton.setAttribute("aria-hidden", "true");\r\n                leaveButton.setAttribute("tabindex", "-1");\r\n                leaveButton.addEventListener("click", () => {\r\n                    this.destroy();\r\n                    if (typeof this.options.onLeave === "function") this.options.onLeave();\r\n                    else location.reload();\r\n                });\r\n            });\r\n            window.addEventListener("beforeunload", this._boundBeforeUnload);\r\n            window.addEventListener("sitebackrequest", this._boundSiteBack);\r\n            this.setMode(this.options.initialMode === "guest" ? "guest" : "host");\r\n            return this;\r\n        }\r\n\r\n        // Keep the existing controls and their listeners; only arrange the lobby shell.\r\n        _prepareLayout() {\r\n            const e = this.elements, root = e.lobbyScreen;\r\n            if (!root?.querySelector) return;\r\n            const surface = root.querySelector(".lobby-panel, .lobbyPanel, .panel, .parchment-card, .screen-panel") || root;\r\n            const skin = getComputedStyle(surface);\r\n            const channels = value => (value.match(/[\\d.]+/g) || []).slice(0, 3).map(Number);\r\n            const brightness = value => { const c = channels(value); return (c[0] || 0) * .299 + (c[1] || 0) * .587 + (c[2] || 0) * .114; };\r\n            const background = skin.backgroundColor === "rgba(0, 0, 0, 0)"\r\n                ? (brightness(skin.color) < 140 ? "#f5efdf" : "#121b27") : skin.backgroundColor;\r\n            const opaqueBackground = background.startsWith("rgb") ? `rgb(${channels(background).join(", ")})` : background;\r\n            root.style.setProperty("--lobby-surface", opaqueBackground);\r\n            root.style.setProperty("--lobby-ink", background === "#f5efdf" || brightness(background) > 160 ? "#20313b" : "#edf2f5");\r\n            root.style.setProperty("--lobby-edge", skin.borderTopColor);\r\n     '... 28770 more characters,
    expected: /if \(!this\.started\) return;[\s\S]*event\.preventDefault\(\);[\s\S]*location\.reload\(\)/,
    operator: 'match',
    diff: 'simple'
  }
