✖ chromium: specimen anatomy, growth wording and 27 parameter combinations (1529.7884ms)
✖ webkit: specimen anatomy, growth wording and 27 parameter combinations (1203.9775ms)
ℹ tests 2
ℹ suites 0
ℹ pass 0
ℹ fail 2
ℹ cancelled 0
ℹ skipped 0
ℹ todo 0
ℹ duration_ms 2791.5707

✖ failing tests:

test at tests\science-observation-integrity.test.cjs:9:46
✖ chromium: specimen anatomy, growth wording and 27 parameter combinations (1529.7884ms)
  AssertionError [ERR_ASSERTION]: The input did not match the regular expression /넓게 퍼졌습니다/. Input:
  
  '4일째따뜻한 곳 30 ℃축축한 빵곰팡이가 덮은 넓이빵의 47 %거의 다 덮였습니다따뜻한 곳 30 ℃ · 축축한 빵 → 7일 뒤 많이 자란다'
  
      at TestContext.<anonymous> (E:\webprojects\class\tests\science-observation-integrity.test.cjs:69:12)
      at async Test.run (node:internal/test_runner/test:1332:7)
      at async startSubtestAfterBootstrap (node:internal/test_runner/harness:385:3) {
    generatedMessage: true,
    code: 'ERR_ASSERTION',
    actual: '4일째따뜻한 곳 30 ℃축축한 빵곰팡이가 덮은 넓이빵의 47 %거의 다 덮였습니다따뜻한 곳 30 ℃ · 축축한 빵 → 7일 뒤 많이 자란다',
    expected: /넓게 퍼졌습니다/,
    operator: 'match',
    diff: 'simple'
  }

test at tests\science-observation-integrity.test.cjs:9:46
✖ webkit: specimen anatomy, growth wording and 27 parameter combinations (1203.9775ms)
  AssertionError [ERR_ASSERTION]: The input did not match the regular expression /넓게 퍼졌습니다/. Input:
  
  '4일째따뜻한 곳 30 ℃축축한 빵곰팡이가 덮은 넓이빵의 47 %거의 다 덮였습니다따뜻한 곳 30 ℃ · 축축한 빵 → 7일 뒤 많이 자란다'
  
      at TestContext.<anonymous> (E:\webprojects\class\tests\science-observation-integrity.test.cjs:69:12)
      at async Test.run (node:internal/test_runner/test:1332:7)
      at async Test.processPendingSubtests (node:internal/test_runner/test:911:7) {
    generatedMessage: true,
    code: 'ERR_ASSERTION',
    actual: '4일째따뜻한 곳 30 ℃축축한 빵곰팡이가 덮은 넓이빵의 47 %거의 다 덮였습니다따뜻한 곳 30 ℃ · 축축한 빵 → 7일 뒤 많이 자란다',
    expected: /넓게 퍼졌습니다/,
    operator: 'match',
    diff: 'simple'
  }
